// Jest Snapshot v1, https://goo.gl/fbAQLP

exports[`CharacterCard should match snapshot 1`] = `
<div>
  <div>
    <v-container-stub
      class="update-container mt-6 pa-6"
      tag="div"
    >
      <v-row-stub
        justify="center"
        tag="div"
      >
        <h1>
          Edit 
        </h1>
      </v-row-stub>
       
      <v-divider-stub
        class="character-divider my-4"
      />
       
      <v-form-stub
        class="mt-4"
      >
        <v-container-stub
          tag="div"
        >
          <v-row-stub
            tag="div"
          >
            <v-col-stub
              cols="4"
              tag="div"
            >
              <v-text-field-stub
                backgroundcolor=""
                class="update-character-character-input"
                clearicon="$clear"
                data-testid="update-character-character-input"
                errorcount="1"
                errormessages=""
                label="Character"
                loaderheight="2"
                messages=""
                outlined="true"
                rules=""
                successmessages=""
                type="text"
              />
            </v-col-stub>
             
            <v-col-stub
              cols="4"
              tag="div"
            >
              <v-text-field-stub
                backgroundcolor=""
                class="update-character-pinyin-input"
                clearicon="$clear"
                data-testid="update-character-pinyin-input"
                errorcount="1"
                errormessages=""
                label="Pinyin"
                loaderheight="2"
                messages=""
                outlined="true"
                rules=""
                successmessages=""
                type="text"
              />
            </v-col-stub>
             
            <v-col-stub
              cols="4"
              tag="div"
            >
              <v-text-field-stub
                backgroundcolor=""
                class="update-character-english-input"
                clearicon="$clear"
                data-testid="update-character-english-input"
                errorcount="1"
                errormessages=""
                label="English"
                loaderheight="2"
                messages=""
                outlined="true"
                rules=""
                successmessages=""
                type="text"
              />
            </v-col-stub>
          </v-row-stub>
           
          <v-row-stub
            tag="div"
          >
            <div>
              <v-expansion-panels-stub
                activeclass="v-item--active"
                focusable="true"
                tag="div"
              />
            </div>
          </v-row-stub>
           
          <v-row-stub
            tag="div"
          >
            
            Hello this is for editing and adding new sentences
          
          </v-row-stub>
           
          <v-row-stub
            class="mt-4"
            tag="div"
          >
            <v-spacer-stub />
             
            <v-btn-stub
              activeclass=""
              class="return-home-btn mr-4"
              color="red lighten-1 white--text"
              data-testid="return-home-btn"
              tag="button"
              type="button"
            >
              
              Cancel
            
            </v-btn-stub>
             
            <v-btn-stub
              activeclass=""
              class="submit-edit-btn"
              color="teal lighten-1 white--text"
              data-testid="submit-edit-btn"
              tag="button"
              type="button"
            >
              
              Submit Update
            
            </v-btn-stub>
          </v-row-stub>
        </v-container-stub>
      </v-form-stub>
    </v-container-stub>
  </div>
</div>
`;
